[    0.000000 Linux version 4.15.0-91-generi(buildd@lgw0amd64-013) (gcc version 7.40 (Ubuntu 7.4.0-1ubuntu1~18.04.1)) #92-Ubuntu SMP Fri Feb 2 11:09:48 UT 2020 (Ubuntu 4.15.091.92-generic 4.15.18)
[    0.0000] Comma lne: BOT_MAGEboot/vmlinuz-4.15.0-91-generic oot=UI=fc43d9-3eff-4f0f-956a-9c088d130e57 ro console=tty1 console=ttyS0
[    00000]EREL sppted cpu:[    0.00000   Intel Gennentel
[    0.000000]   AMD AuthenticAAMD
[    0.0000]   Centr CentaurHauls
   0.000000] x86/fpu: Supporting SAVE feature 0x001: 'x87 floatingpoint registers'
[    0.000000] x86/fpu: Supporting XSAVE feature 0x002: 'SSE registers'
[    0.000000] x86/fpu: Supporting XSAVE feature 0x004: 'AVX register'
[    0.000000] x86/fpu: xstate_offset[2]:  576, xstate_sizes[2]:  256
[    0.000000] x86/fpu: Enabled xstate features 0x7, context size is 832 bytes, using 'standard' format.
[    0.000000] e820: BIOS-provided physical RAM map:
[    0.000000] BIOS-e20 [mem 00000000000000-0x000000000009fbff] usable
[    0.000000] BIOe820: [mem 000000000009fc00-0x000000000009ffff rserved
[    0.000000] BIOS-e820: [mem 0x00000000000f000-0x0000000000fffff] reserve
[    00000] BIOS-e820: [mem 0x00000000000000-0x000000003ffeffff] usale
[    000000] BI-e820: [m x000000003f0000-000000003fffffff] ACPI data
[    0.000000 BIOS-820: [mem 0x00000000fec00000-0x00000000fec00fff] reserved
[    0.000000] BIOS-e820: [mem 0x00000000fee00000-0x00000000fee00fff] reserved
[    0.000000] BIOS-e820: [mem 0x00000000fffc0000-0x00000000ffffffff] reserved
[    0.000000] NX (Execute Disable) protection: active
[    0.000000] SMBIOS 2.5 present.
[    0.000000] DMI: innotek GmbH VirtualBox/VirtualBox, BIOS VirtualBox 12/01/2006
[    0.000000] Hypervisor detected: KVM
[    0.000000] e820: last_pfn = 0x3fff0 max_arch_pfn = 0x400000000
[    0.000000] MTRR: Disabled
[    0.000000] x86/PAT: MTRRs disabled, skipping PAT initialization too.
[    0.000000] CPU MTRRs all blank - virtualized system.
[    0.000000] x86/PAT: Configuration [0-7]: WB  WT  UC- UC  WB  WT  UC- UC  
[    0.000000] found SMP MP-table at [mem 0x0009fff0-0x0009ffff]
[    0.000000] Scanning 1 areas fo low mor corruption
[    0.00000 RAMDK:[mem 359650-x36caff]
[    .00000] ACPI: Early table checksum verification disabled
[    0.000000] ACPI: RSDP 0x00000000000E0000 000024 (v02 VBOX  )
[   .0000] ACPI XT 0x0000003FFF0030 003C (v01 VBOX   VBOXXSDT 00000001 ASL  00000061)
[    0.000000] ACPI: FACP 0x000000003FFF00F0 0000F4 (v04 VBOX   VBOXFACP 00000001 ASL  00000061)
[    0.000000] ACPI: DSDT 0x000000003FFF0470 0021FF (v02 VBOX   VBOXBIOS 00000002 INTL 20100528)
[    0.000000] ACPI: FACS 0x0000003FF0200 000040
[   0.000000] ACPI: FACS 0x000000003FFF0200 000040
[    0.000000] ACPI: APIC 0x000000003FFF0240 00005C (v02 VBOX   VBOXAPIC 00000001 ASL  00000061)
[    0.000000] ACPI: SSDT 0x000000003FFF02A0 0001CC (v01 VBOX   VBOXCPUT 00000002 INTL 20100528)
[    .000000] No NUMA configuration found
[    0.000000] Faking a node at [mem 0x0000000000000000-0x000000003ffeffff]
[    0.000000] NODE_DATA(0) allocated [mem 0x3ffc5000-0x3ffeffff]
[    0.000000] kvm-clock: cpu 0, msr 0:3ff44001, primary cpu clock
[    0.000000] kvm-clock: Using msrs 4b564d01 and 4b5600
[  0.000000] kvm-clock: using she offt of 6702371970 cycle
    000000]locksource: kvm-clock: mask: 0xffffffffffffffff max_cycles: 0x1cd2e4dffb, max_idle_ns: 881590591483 ns
[    0.000000] Zone ranges:
[    0.000000]   DMA      [mem 0x0000000000001000-0x0000000000ffffff]
[    0.000000]   DMA32    [mem 0x0000000001000000-0x000000003ffeffff]
[    0.000000]   Normal   empty
[    0.000000]   Device   empty
[    0.000000] Movable zone start for each node
[    0.000000] Early memory node ranges
[    0.000000]   node   0: [mem 0x0000000000001000-0x000000000009efff]
[    0.000000]   node   0: [mem 0x0000000000100000-0x000000003ffeffff]
[    0.000000] Reserved but unavailable: 98 pages
[    0.000000] Initmem setup node 0 [mem 0x0000000000001000-0x000000003ffeffff]
[    0.000000] ACPI: PM-Timer IO Port: 0x4008
[    0.0000000] IOAPIC[0]: apic_id 2, version 32, address 0xfec00000, GSI 0-23
[    0.000000] ACPI: INT_SRC_OVR (bus 0 bus_irq 0 global_irq 2 dfl dfl)
[    0.000000] ACPI: INT_SRC_OVR (bus 0 bus_irq 9 global_irq 9 low level)
[    0.000000] Using ACPI (MADT) for SMP configuration information
[    0.000000] smpboot:Allowing 2 CPUs, 0 hotplug CPUs
[    0.000000] PM: Registered nosave memory: [mem 0x00000000-0x00000fff]
[    0.000000] PM: Regiered save memory: [mem 0x0009f000-0x0009ffff]
[    0.000000] PM: Registered nosave memory: [mem 0x000a0000-0x000efff]
[    0000000] PM: Reistered nosave memory: [mem 0x000f0000-0x000fffff]
[    0.000000] e820: [mem 0x4000000-xfebfffff] available r PCI devices
[    0.0000] Booting paravirtualized kernel on KVM
[    0.000000] clocksource: refined-jiffies: mask: 0xffffffff max_cycles: 0xffffffff, max_idle_ns: 7645519600211568 ns
[    0.000000] random: get_random_bytes called from start_kernel+0x99/0x4fd with crng_init=0

[  0.000000] setup_percpu: NR_CPU8192 n_cpumask_bits:2 nr_cpu_ids:2 nr_node_ids:1
[    0.000000] percpu: Embedded 45 pages/cpus147456 r8192 d28672 u1048576
[    0.000000] PV qspinlock hash table entries: 256 (order: 0, 4096 bytes)
[    0.000000] Built 1 zonelists, mobility grouping on.  Total pages: 257913
[    0.000000] Policy zone: DMA32
[    0.000000] Kernel command line: BOOT_IMAGE=/boot/vmlinuz-4.15.0-91-generic root=UUID=fc432cd9-3eff-4f0f-956a-9c088d130e57 ro console=tty1 console=ttyS0
[    0.000000] Memory: 982536K/1048120K available (12300K kernel code, 2481K rwdata, 4264K rodata, 2432K init, 2712K bss, 65584K reserved, 0K cma-reserved)
[    0.000000] SLUB: HWalign=64, Order=0-3, MinObjects=0, CPUs=2, Nodes=1
[    0.000000] Kernel/User page tables isolation: enabled
[   0.000000] ftrae: allocating 39347 entries in 154 pages
[    0.004000] Hierarchical RCU implementation.
[    0.004000] 	RCU resricting CPUs from NR_CPUS=8192 to nr_cpu_ids=2.
[    0.004000] 	Tasks RCU enabled.
[    0.004000] RCU: Adjusting geoometry for r_ffanout_leaf16, nr_cpu_ids=2
[   0.004000NR_IRQS:24544, nr_irqs: 440, preallocated irqs:16
[    0.004000] Console: colour VGA80x25
[    0.00400]console tt1] enabled[    0.0000] console [ttyS0] enabled
[    0.004000] ACPI: Core revision 20170831
[    0.004000] AI: 2 ACPI AML tables scessfuy aciredan laded[    0.004000] APIC: Switch to symmetric I/O mode setup
[    0.004571] x2apic enabled
[    0.005504] Switched APIC routing to physical x2apic.
[    0.009544] ..TIMER: vector=0x30 apic1=0 pin1=2 apic2=-1 pin2=-1
[    0.012005] tsc: Detected 2303.998 MHz processor
[    0.016012] Calibrating delay loop (skipped) preset value.. 4607.99 BogoMIPS (lpj=9215992)
[    0.020006] pid_max: default: 32768 minimum: 301
[    0.021791] Security Framework initialized
[    0.024026] Yama: becoming mindful.
[    0.025500] AppArmor: AppArmor initialized
[    0.030064] Dentry cache hash table entries: 131072 (order: 8, 1048576 bytes)
[    0.032091] Inode-cache hash table entries: 65536 (order: 7, 524288 bytes)
[    0.036026] Mount-cache hash table entries: 2048 (order: 2, 16384 bytes)
[    0.040016] Mountpoint-cache hash table entries: 2048 (order: 2, 16384 bytes)
[    0.044424] Last level iTLB entries: 4KB 64, 2MB 8, 4MB 8
[    0.048005] Last level dTLB entries: 4KB 64, 2MB 0, 4MB 0, 1GB 4
[    0.052005] Spectre V1 : Mitigation: usercopy/swapgs barriers and __user pointer sanitization
[    0.056005] Spectre V2 : Mitigation: Full generic retpoline
[    0.057068] Spectre V2 : Spectre v2 / SpectreRSB mitigation: Filling RSB on context switch
[    0.060004] Speculative Store Bypass: Vulnerable
[    0.061585] MDS: Vulnerable: Clear CPU buffers attempted, no microcode
[    0.064166] Freeing SMP alternatives memory: 36K
[    0.176199] smpboot: CPU0: Intel(R) Core(TM) i5-7360U CPU @ 2.30GHz (family: 0x6, model: 0x8e, stepping: 0x9)
[    0.180110] Performance Events: unsupported p6 CPU model 142 no PMU driver, software events only.
[    0.184060] Hierarchical SRCU implementation.
[    0.188536] NMI watchdog: Perf event create on CPU 0 failed with -2
[    0.192007] NMI watchdog: Perf NMI watchdog permanently disabled
[    0.196077] smp: Bringing up secondary CPUs ...
[    0.200106] x86: Booting SMP configuration:
[    0.204006] .... node  #0, CPUs:      #1
[    0.004000] kvm-clock: cpu 1, msr 0:3ff44041, secondary cpu clock
[    0.212045] smp: Brought up 1 node, 2 CPUs
[    0.216009] smpboot: Max logical packages: 1
[    0.220006] smpboot: Total of 2 processors activated (9215.99 BogoMIPS)
[    0.224147] devtmpfs: initialized
[    0.228073] x86/mm: Memory block size: 128MB
[    0.229304] evm: security.selinux
[    0.229959] evm: security.SMACK64
[    0.232003] evm: security.SMACK64EXEC
[    0.232712] evm: security.SMACK64TRANSMUTE
[    0.233495] evm: security.SMACK64MMAP
[    0.234204] evm: security.apparmor
[    0.234875] evm: security.ima
[    0.236007] evm: security.capability
[    0.240143] clocksource: jiffies: mask: 0xffffffff max_cycles: 0xffffffff, max_idle_ns: 7645041785100000 ns
[    0.244027] futex hash table entries: 512 (order: 3, 32768 bytes)
[    0.252054] pinctrl core: initialized pinctrl subsystem
[    0.256113] RTC time:  8:06:04, date: 04/12/20
[    0.260225] NET: Registered protocol family 16
[    0.264080] audit: initializing netlink subsys (disabled)
[    0.268060] audit: type=2000 audit(1586678765.760:1): state=initialized audit_enabled=0 res=1
[    0.400013] cpuidle: using governor ladder
[    0.404021] cpuidle: using governor menu
[    0.405419] ACPI: bus type PCI registered
[    0.406572] acpiphp: ACPI Hot Plug PCI Controller Driver version: 0.5
[    0.408164] PCI: Using configuration type 1 for base access
[    0.413591] HugeTLB registered 2.00 MiB page size, pre-allocated 0 pages
[    0.416198] ACPI: Added _OSI(Module Device)
[    0.420007] ACPI: Added _OSI(Processor Device)
[    0.421612] ACPI: Added _OSI(3.0 _SCP Extensions)
[    0.424009] ACPI: Added _OSI(Processor Aggregator Device)
[    0.428008] ACPI: Added _OSI(Linux-Dell-Video)
[    0.432021] ACPI: Added _OSI(Linux-Lenovo-NV-HDMI-Audio)
[    0.436043] ACPI: Added _OSI(Linux-HPI-Hybrid-Graphics)
[    0.440749] ACPI: Executed 1 blocks of module-level executable AML code
[    0.449848] ACPI: Interpreter enabled
[    0.451645] ACPI: (supports S0 S5)
[    0.452006] ACPI: Using IOAPIC for interrupt routing
[    0.453704] PCI: Using host bridge windows from ACPI; if necessary, use "pci=nocrs" and report a bug
[    0.456199] ACPI: Enabled 2 GPEs in block 00 to 07
[    0.464783] ACPI: PCI Root Bridge [PCI0] (domain 0000 [bus 00-ff])
[    0.466189] acpi PNP0A03:00: _OSC: OS supports [ASPM ClockPM Segments MSI]
[    0.467458] acpi PNP0A03:00: _OSC: not requesting OS control; OS requires [ExtendedConfig ASPM ClockPM MSI]
[    0.468023] acpi PNP0A03:00: fail to add MMCONFIG information, can't access extended PCI configuration space under this bridge.
[    0.472417] PCI host bridge to bus 0000:00
[    0.476011] pci_bus 0000:00: root bus resource [io  0x0000-0x0cf7 window]
[    0.480009] pci_bus 0000:00: root bus resource [io  0x0d00-0xffff window]
[    0.484011] pci_bus 0000:00: root bus resource [mem 0x000a0000-0x000bffff window]
[    0.488005] pci_bus 0000:00: root bus resource [mem 0x40000000-0xfdffffff window]
[    0.492011] pci_bus 0000:00: root bus resource [bus 00-ff]
[    0.498491] pci 0000:00:01.1: legacy IDE quirk: reg 0x10: [io  0x01f0-0x01f7]
[    0.500010] pci 0000:00:01.1: legacy IDE quirk: reg 0x14: [io  0x03f6]
[    0.504009] pci 0000:00:01.1: legacy IDE quirk: reg 0x18: [io  0x0170-0x0177]
[    0.508010] pci 0000:00:01.1: legacy IDE quirk: reg 0x1c: [io  0x0376]
[    0.528260] pci 0000:00:07.0: quirk: [io  0x4000-0x403f] claimed by PIIX4 ACPI
[    0.532024] pci 0000:00:07.0: quirk: [io  0x4100-0x410f] claimed by PIIX4 SMB
[    0.546729] ACPI: PCI Interrupt Link [LNKA] (IRQs 5 9 10 *11)
[    0.552089] ACPI: PCI Interrupt Link [LNKB] (IRQs 5 9 *10 11)
[    0.553661] ACPI: PCI Interrupt Link [LNKC] (IRQs 5 *9 10 11)
[    0.555215] ACPI: PCI Interrupt Link [LNKD] (IRQs 5 9 10 *11)
[    0.556389] SCSI subsystem initialized
[    0.560071] pci 0000:00:02.0: vgaarb: setting as boot VGA device
[    0.564000] pci 0000:00:02.0: vgaarb: VGA device added: decodes=io+mem,owns=io+mem,locks=none
[    0.564012] pci 0000:00:02.0: vgaarb: bridge control possible
[    0.568007] vgaarb: loaded
[    0.572061] ACPI: bus type USB registered
[    0.576041] usbcore: registered new interface driver usbfs
[    0.580032] usbcore: registered new interface driver hub
[    0.584042] usbcore: registered new device driver usb
[    0.588137] EDAC MC: Ver: 3.0.0
[    0.589683] PCI: Using ACPI for IRQ routing
[    0.592581] NetLabel: Initializing
[    0.593952] NetLabel:  domain hash size = 128
[    0.596006] NetLabel:  protocols = UNLABELED CIPSOv4 CALIPSO
[    0.600033] NetLabel:  unlabeled traffic allowed by default
[    0.604214] clocksource: Switched to clocksource kvm-clock
[    0.626770] VFS: Disk quotas dquot_6.6.0
[    0.628459] VFS: Dquot-cache hash table entries: 512 (order 0, 4096 bytes)
[  0.04] pAorAprm Fesystem Enabled
[    1.039074] pnp: PnP ACPI init
[   1.042151] pnp: PnP ACPI: found 3 devices

[  178513] clocksource: acpi_pm: mask: 0xffffff max_cycles: 0xffffff, max_idlens: 8510 n
[  175548] NET: Registered protocol family 2

[    1.467433] TCP established hash table entries: 812 (order: 4, 65536 bytes)
[    1.501059] TCP bind hash table entries: 8192 (order: 5, 131072 bytes)
[    1.505014] TCP: Hash tables configured (established 8192 bind 8192)
[    1.508111] UDP hash table entrie: 512 (order: 2, 16384 bytes)
[    1.534386] UDP-Lite hash table entries: 512 (order: 2, 16384 bytes)
[    1.535790] NET: Registered protocol family 1
[    1.536937] pci 0000:00:00.0: Limiting direct PCI/PCI transfers
[    1.538297] pci 0000:00:01.0: Activating ISA DMA hang workarounds
[    1.539661] pci 0000:00:02.0: Videodevice with shadowe ROM at [mem 0x000c0000-0x000dffff]
[    1.596883] Unpacking initramfs...

[    1.915564] Freeing initrd memory: 19732K
[    1.961906] clocksource: tsc: mask: 0xffffffffffffffff max_cycles: 0x2135f5e6f15, max_idle_ns: 440795231538 ns
[    2.075660] platform rtc_cmos: registered platform RTC device (no PNP device found)
[    2.171817] Scanning for low memory corruption every 60 seconds
[    2.178762] Initialise system trusted keyrings
[    2.185704] Key type blacklist registered
[    2.198569] workingset: timestamp_bits=36 max_order=18 bucket_order=0
[    2.229488] zbud: loaded
[    2.230566] squashfs: version 4.0 (2009/01/31) Phillip Lougher
[    2.237674] fuse init (API version 7.26)
[    2.242719] Key type asymmetric registered
[    2.249356] Asymmetric key parser 'x509' registered
[    2.290834] Block layer SCSI generic (bsg) driver version 0.4 loaded (major 246)
[    2.365925] io scheduler noop registered
[    2.391562] io scheduler deadline registered
[    2.438046] io scheduler cfq registered (default)
[    2.445928] ACPI: AC Adapter [AC] (on-line)
[    2.446901] input: Power Button as /devices/LNXSYSTM:00/LNXPWRBN:00/input/input0
[    2.449220] ACPI: Power Button [PWRF]
[    2.465430] input: Sleep Button as /devices/LNXSYSTM:00/LNXSLPBN:00/input/input1
[    2.474195] ACPI: Sleep Button [SLPF]
[    2.476625] ACPI: Battery Slot [BAT0] (battery present)
[    2.480246] Serial: 8250/16550 driver, 32 ports, IRQ sharing enabled
[    508600:02: ttyS0 at I/O 0x3f8 (irq = 4, base_baud = 115200) is a 16550A
[    2.661134] Linux agpgart interface v0.103
[    2.665306] loop: module loaded
[    2.667092] scsi host0: ata_piix
[    2.669600] scsi host1: ata_piix
[    2.684836] ata1: PATA max UDMA/33 cmd 0x1f0 ctl 0x3f6 bmdma 0xd000 irq 14
[    2.687856] ata2: PATA max UDMA/33 cmd 0x170 ctl 0x376 bmdma 0xd008 irq 15
[    2.757397] libphy: Fixed MDIO Bus: probed
[    2.781806] tun: Universal TUN/TAP device driver, 1.6
[    2.783402] PPP generic driver version 2.4.2
[    2.784706] ehci_hcd: USB 2.0 'Enhanced' Host Controller (EHCI) Driver
[    2.793695] ehci-pci: EHCI PCI platform driver
[    2.794764] ehci-platform: EHCI generic platform driver
[    2.795798] ohci_hcd: USB 1.1 'Open' Host Controller (OHCI) Driver
[    2.802710] ohci-pci: OHCI PCI platform driver
[    2.804107] ohci-platform: OHCI generic platform driver
[    2.814885] uhci_hcd: USB Universal Host Controller Interface driver
[    2.817709] i8042: PNP: PS/2 Controller [PNP0303:PS2K,PNP0f03:PS2M] at 0x60,0x64 irq 1,12
[    2.821650] serio: i8042 KBD port at 0x60,0x64 irq 1
[    2.825057] serio: i8042 AUX port at 0x60,0x64 irq 12
[    2.841151] mousedev: PS/2 mouse device common for all mice
[    2.844272] input: AT Translated Set 2 keyboard as /devices/platform/i8042/serio0/input/input2
[    2.850865] rtc_cmos rtc_cmos: rtc core: registered rtc_cmos as rtc0
[    2.853390] rtc_cmos rtc_cmos: alarms up to one day, 114 bytes nvram
[    2.858805] i2c /dev entries driver
[    2.860252] device-mapper: uevent: version 1.0.3
[    2.865257] device-mapper: ioctl: 4.37.0-ioctl (2017-09-20) initialised: dm-devel@redhat.com
[    2.867178] ledtrig-cpu: registered to indicate activity on CPUs
[    2.869171] NET: Registered protocol family 10
[    2.874920] Segment Routing with IPv6
[    2.880933] NET: Registered protocol family 17
[    2.882077] Key type dns_resolver registered
[    2.909359] mce: Using 0 MCE banks
[    2.927406] RAS: Correctable Errors collector initialized.
[    2.968997] sched_clock: Marking stable (2968906920, 0)->(10608710517, -7639803597)
[    3.024662] registered taskstats version 1
[    3.075752] Loading compiled-in X.509 certificates
[    3.126655] Loaded X.509 cert 'Build time autogenerated kernel key: d019e8c5f4cbc828f6af43369f65a014a3a68371'
[    3.176329] zswap: loaded using pool lzo/zbud
[    3.181501] Key type big_key registered
[    3.206449] Key type trusted registered
[    3.227529] Key type encrypted registered
[    3.234495] AppArmor: AppArmor sha1 policy hashing enabled
[    3.275977] ima: No TPM chip found, activating TPM-bypass! (rc=-19)
[    3.331847] ima: Allocated hash algorithm: sha1
[    3.354697] evm: HMAC attrs: 0x1
[    3.35584  gic number0:9:8
[    3.630539]   hash matches /build/linux-ZcR2Eb/linux-4.15./dve/base/power/in:19

[    3.913417] rtc_cmos rtc_cmos: setting system clock to 2020-04-12 08:06:09 UTC (1586678769)
[    3.916973] BIOS EDD facility v0.16 2004-Jun-25, 0 devicesfound
[    3.951811] EDD information not available.

[    3.958096] Freeing unused kernel image memory: 2432K
[    3.968121] Write protecting the kernel read-only data: 20480k
[    3.970043] Freeing unused kernel image memory: 2008K
[    3.971616] Freeing unused kernel image memory: 1880K
[    4.007139] x86/mm: Checked W+X mappings: passed, no W+X pages found.
[    4.951640] x86/mm: Checking user space page tables
[    5.084015] x86/mm: Checked W+X mappings: passed, no W+X pages found.
Loading, please wait...
starting version 237
[    5.719721] Fusion MPT base driver 3.04.20
[    5.721045] Copyright (c) 1999-2008 LSI Corporation
[    5.736830] AVX2 version of gcm_enc/dec engaged.
[    5.737988] AES CTR mode by8 optimization enabled
[    5.741190] Fusion MPT SPI Host driver 3.04.20
[    5.742656] e1000: Intel(R) PRO/1000 Network Driver - version 7.3.21-k8-NAPI
[    5.745095] mptbase: ioc0: Initiating bringup
[    5.745826] e1000: Copyright (c) 1999-2006 Intel Corporation.
[    5.857570] ioc0: LSI53C1030 A0: Capabilities={Initiator}
[    5.930171] input: ImExPS/2 Generic Explorer Mouse as /devices/platform/i8042/serio1/input/input4
[    6.147190] scsi host2: ioc0: LSI53C1030 A0, FwRev=00000000h, Ports=1, MaxQ=256, IRQ=20
[    6.318014] scsi 2:0:0:0: Direct-Access     VBOX     HARDDISK         1.0  PQ: 0 ANSI: 5
[    6.680704] scsi target2:0:0: Beginning Domain Validation
[    6.690179] scsi target2:0:0: Domain Validation skipping write tests
[    6.714180] scsi target2:0:0: Ending Domain Validation
[    6.715660] scsi target2:0:0: asynchronous
[    6.718793] e1000 0000:00:03.0 eth0: (PCI:33MHz:32-bit) 02:b1:13:47:2b:13
[    7.104776] e1000 0000:00:03.0 eth0: Intel(R) PRO/1000 Network Connection
[    7.533628] scsi 2:0:1:0: Direct-Access     VBOX     HARDDISK         1.0  PQ: 0 ANSI: 5
[    7.892604] scsi target2:0:1: Beginning Domain Validation
[    7.923034] random: fast init done
[    8.215682] scsi target2:0:1: Domain Validation skipping write tests
[    8.217454] scsi target2:0:1: Ending Domain Validation
[    8.218860] scsi target2:0:1: asynchronous
[    8.224140] e1000 0000:00:08.0 eth1: (PCI:33MHz:32-bit) 08:00:27:c6:bb:13
[    8.224151] random: systemd-udevd: uninitialized urandom read (16 bytes read)
[    8.225866] e1000 0000:00:08.0 eth1: Intel(R) PRO/1000 Network Connection
[    8.227199] random: systemd-udevd: uninitialized urandom read (16 bytes read)
[    8.230367] random: systemd-udevd: uninitialized urandom read (16 bytes read)
[    8.302266] e1000 0000:00:08.0 enp0s8: renamed from eth1
[    8.309685] sd 2:0:0:0: Attached scsi generic sg0 type 0
[    8.317232] sd 2:0:0:0: [sda] 20971520 512-byte logical blocks: (10.7 GB/10.0 GiB)
[    8.319509] sd 2:0:0:0: [sda] Write Protect is off
[    8.321282] sd 2:0:0:0: [sda] Incomplete mode parameter data
[    8.325027] sd 2:0:0:0: [sda] Assuming drive cache: write through
[    8.336065] sd 2:0:1:0: [sdb] 20480 512-byte logical blocks: (10.5 MB/10.0 MiB)
[    8.341257] e1000 0000:00:03.0 enp0s3: renamed from eth0
[    8.353881] sd 2:0:1:0: [sdb] Write Protect is off
[    8.355561]  sda: sda1
[    8.362416] sd 2:0:1:0: Attached scsi generic sg1 type 0
[    8.368809] sd 2:0:0:0: [sda] Attached SCSI disk
[    8.382759] sd 2:0:1:0: [sdb] Incomplete mode parameter data
[    8.386904] sd 2:0:1:0: [sdb] Assuming drive cache: write through
[    8.397195] sd 2:0:1:0: [sdb] Attached SCSI disk
Begin: Loading essential drivers ... [    9.819698] raid6: sse2x1   gen() 12101 MB/s
[    9.936227] raid6: sse2x1   xor()  8808 MB/s
[   10.044392] raid6: sse2x2   gen() 12521 MB/s
[   10.139331] raid6: sse2x2   xor() 10854 MB/s
[   10.225199] raid6: sse2x4   gen() 14453 MB/s
[   10.368391] raid6: sse2x4   xor() 10367 MB/s
[   10.500200] raid6: avx2x1   gen() 22663 MB/s
[   10.572120] raid6: avx2x1   xor() 11909 MB/s
[   10.624314] raid6: avx2x2   gen() 16492 MB/s
[   10.672698] raid6: avx2x2   xor() 18064 MB/s
[   10.721604] raid6: avx2x4   gen() 29029 MB/s
[   10.820018] raid6: avx2x4   xor() 19593 MB/s
[   10.926985] raid6: using algorithm avx2x4 gen() 29029 MB/s
[   10.998651] raid6: .... xor() 19593 MB/s, rmw enabled
[   11.049715] raid6: using avx2x2 recovery algorithm
[   11.178751] xor: automatically using best checksumming function   avx       
[   11.198872] async_tx: api initialized (async)
done.
Begin: Running /scripts/init-premount ... done.
Begin: Mounting root file system ... Begin: Running /scripts/local-top ... done.
Begin: Running /scripts/local-premount ... [   11.254235] Btrfs loaded, crc32c=crc32c-intel
Scanning for Btrfs filesystems
done.
Warning: fsck not present, so sk[   11.292207] EXT4-fs (sda1): INFO: recovery required on readonly filesystem
ipping root file[   11.480771] EXT4-fs (sda1): write access will be enabled during recovery
 system
[   11.658505] EXT4-fs (sda1): recovery complete
[   11.660297] EXT4-fs (sda1): mounted filesystem with ordered data mode. Opts: (null)
done.
Begin: Running /scripts/local-bottom ... done.
Begin: Running /scripts/init-bottom ... done.
[   11.905799] ip_tables: (C) 2000-2006 Netfilter Core Team
[   12.175513] systemd[1]: systemd 237 running in system mode. (+PAM +AUDIT +SELINUX +IMA +APPARMOR +SMACK +SYSVINIT +UTMP +LIBCRYPTSETUP +GCRYPT +GNUTLS +ACL +XZ +LZ4 +SECCOMP +BLKID +ELFUTILS +KMOD -IDN2 +IDN -PCRE2 default-hierarchy=hybrid)
[   12.318884] systemd[1]: Detected virtualization oracle.
[   12.375971] systemd[1]: Detected architecture x86-64.

Welcome to [1mUbuntu 18.04.3 LTS[0m!

[   12.498195] systemd[1]: Set hostname to <ubuntu-bionic>.
[   13.421258] systemd[1]: Reached target User and Group Name Lookups.
[[0;32m  OK  [0m] Reached target User and Group Name Lookups.
[   13.423679] systemd[1]: Started Forward Password Requests to Wall Directory Watch.
[[0;32m  OK  [0m] Started Forward Password Requests to Wall Directory Watch.
[   13.426279] systemd[1]: Reached target Swap.
[[0;32m  OK  [0m] Reached target Swap.
[   13.427902] systemd[1]: Set up automount Arbitrary Executable File Formats File System Automount Point.
[[0;32m  OK  [0m] Set up automount Arbitrary Executabâ€¦rmats File System Automount Point.
[   13.433401] systemd[1]: Created slice System Slice.
[[0;32m  OK  [0m] Created slice System Slice.
[   14.280819] systemd[1]: Listening on Journal Socket.
[[0;32m  OK  [0m] Listening on Journal Socket.
         Mounting POSIX Message Queue File System...
         Starting Uncomplicated firewall...
[[0;32m  OK  [0m] Listening on Journal Socket (/dev/log).
         Mounting Huge Pages File System...
         Mounting Kernel Debug File System...
         Starting Remount Root a[   15.461665] EXT4-fs (sda1): re-mounted. Opts: (null)
nd Kernel File Systems...
[[0;32m  OK  [0m] Listening on LVM2 poll daemon socket.
[[0;32m  OK  [0m] Created slice system-serial\x2dgetty.slice.
         Startin[   15.608261] random: crng init done
g Create list of required stâ€¦ce nodes for the current kernel...
[   15.622163] random: 7 urandom warning(s) missed due to ratelimiting
[[0;32m  OK  [0m] Listening on Device-mapper event daemon FIFOs.
         Starting Set the console keyboard layout...
[[0;32m  OK  [0m] Listening on udev Control Socket.
[[0;32m  OK  [0m] Listening on udev Kernel Socket.
         Starting udev Coldplug all Devices...
[[0;32m  OK  [0m] Listening on LVM2 metadata daemon socket.
         Starting Monitoring of LVM2 mirrorsâ€¦ng dmeventd or progress polling...
[[0;32m  OK  [0m] Reached target System Time Synchronized.
[[0;32m  OK  [0m] Created slice User and Session Slice.
[[0;32m  OK  [0m] Reached target Slices.
         Starting Load Kernel Modules...
[[0;32m  OK  [0m] Listening on Journal Audit Socket.
[[0;32m  OK  [0m] Listening on Network Service Netlink Socket.
[[0;32m  OK  [0m] Listening on /dev/initctl Compatibility Named Pipe.
[[0;32m  OK  [0m] Listening on Syslog Socket.
         Starting Journal Service...
[[0;32m  OK  [0m] Mounted POSIX Message Queue File System.
[[0;32m  OK  [0m] Started Uncomplicated firewall.
[[0;32m  OK  [0m] Mounted Huge Pages File System.
[[0;32m  OK  [0m] Mounted Kernel Debug File System.
[[0;32m  OK  [0m] Started Remount Root and Kernel File Systems.
[[0;32m  OK  [0m] Started Create list of required staâ€¦vice nodes for the current kernel.
         Starting Create Static Device Nodes in /dev...
         Starting Load/Save Random Seed...
[[0;32m  OK  [0m] Started udev Coldplug all Devices.
[   15.819517] Loading iSCSI transport class v2.0-870.
[[0;32m  OK  [0m] Started Set the console keyboard layout.
[[0;32m  OK  [0m] Started Create Static Device Nodes in /dev.
[[0;32m  OK  [0m] Started LVM2 metadata daemon.
         Starting udev Kernel Device Manager...
[[0;32m  OK  [0m] Started Load/Save Random Seed.
[[0;32m  OK  [0m] Started Journal Service.
[   15.885731] iscsi: registered transport (tcp)
         Starting Flush Journal to Persistent Storage...
[   15.906540] iscsi: registered transport (iser)
[[0;32m  OK  [0m] Started Load Kernel Modules.
         Mounting FUSE Control File System...
         Starting Apply Kernel Variables...
         Mounting Kernel Configuration File System...
[[0;32m  OK  [0m] Mounted FUSE Control File System.
[[0;32m  OK  [0m] Started udev Kernel Device Manager.
[[0;32m  OK  [0m] Mounted Kernel Configuration File System.
[[0;32m  OK  [0m] Started Dispatch Password Requests to Console Directory Watch.
[[0;32m  OK  [0m] Reached target Local Encrypted Volumes.
[   16.053180] systemd-journald[410]: Received request to flush runtime journal from PID 1
[[0;32m  OK  [0m] Started Monitoring of LVM2 mirrors,â€¦sing dmeventd or progress polling.
[[0;32m  OK  [0m] Started Apply Kernel Variables.
[[0;32m  OK  [0m] Reached target Local File Systems (Pre).
[[0;32m  OK  [0m] Reached target Local File Systems.
         Starting ebtables ruleset management...
         Starting AppArmor initialization...
         Starting Set console font and keymap...
         Starting Tell Plymouth To Write Out Runtime Data...
[[0;32m  OK  [0m] Started Set console font and keymap.
[[0;32m  OK  [0m] Started Tell Plymouth To Write Out Runtime Data.
[[0;32m  OK  [0m] Started Flush Journal to Persistent Storage.
         Starting Create Volatile Files and Directories...
[[0;32m  OK  [0m] Started ebtables ruleset management.
[[0;32m  OK  [0m] Found device /dev/ttyS0.
[[0;32m  OK  [0m] Started Create Volatile Files and Directories.
         Starting Update UTMP about System Boot/Shutdown...
[[0;32m  OK  [0m] Started Update UTMP about System Boot/Shutdown.
[[0;32m  OK  [0m] Listening on Load/Save RF Kill Switch Status /dev/rfkill Watch.
[[0;32m  OK  [0m] Started AppArmor initialization.
         Starting Initial cloud-init job (pre-networking)...
[   17.910924] cloud-init[534]: Cloud-init v. 19.3-41-gc4735dd3-0ubuntu1~18.04.1 running 'init-local' at Sun, 12 Apr 2020 08:06:23 +0000. Up 17.71 seconds.
[[0;32m  OK  [0m] Started Initial cloud-init job (pre-networking).
[[0;32m  OK  [0m] Reached target Network (Pre).
         Starting Network Service...
[[0;32m  OK  [0m] Started Network Service.
         Starting Network Name Resolution...
         Starting Wait for Network to be Configured...
[[0;32m  OK  [0m] Started Network Name Resolution.
[[0;32m  OK  [0m] Reached target Host and Network Name Lookups.
[[0;32m  OK  [0m] Reached target Network.
[[0;32m  OK  [0m] Started Wait for Network to be Configured.
         Starting Initial cloud-init job (metadata service crawler)...
[   20.397142] cloud-init[718]: Cloud-init v. 19.3-41-gc4735dd3-0ubuntu1~18.04.1 running 'init' at Sun, 12 Apr 2020 08:06:25 +0000. Up 20.26 seconds.
[   20.452226] cloud-init[718]: ci-info: ++++++++++++++++++++++++++++++++++++++Net device info+++++++++++++++++++++++++++++++++++++++
[   20.484568] cloud-init[718]: ci-info: +--------+------+-----------------------------+---------------+--------+-------------------+
[   20.520371] cloud-init[718]: ci-info: | Device |  Up  |           Address           |      Mask     | Scope  |     Hw-Address    |
[   20.536171] cloud-init[718]: ci-info: +--------+------+-----------------------------+---------------+--------+-------------------+
[   20.538687] cloud-init[718]: ci-info: | enp0s3 | True |          10.0.2.15          | 255.255.255.0 | global | 02:b1:13:47:2b:13 |
[   20.555805] cloud-init[718]: ci-info: | enp0s3 | True |  fe80::b1:13ff:fe47:2b13/64 |       .       |  link  | 02:b1:13:47:2b:13 |
[   20.561325] cloud-init[718]: ci-info: | enp0s8 | True |        192.168.33.10        | 255.255.255.0 | global | 08:00:27:c6:bb:13 |
[   20.592264] cloud-init[718]: ci-info: | enp0s8 | True | fe80::a00:27ff:fec6:bb13/64 |       .       |  link  | 08:00:27:c6:bb:13 |
[   20.609201] cloud-init[718]: ci-info: |   lo   | True |          127.0.0.1          |   255.0.0.0   |  host  |         .         |
[   20.639804] cloud-init[718]: ci-info: |   lo   | True |           ::1/128           |       .       |  host  |         .         |
[   20.671518] cloud-init[718]: ci-info: +--------+------+-----------------------------+---------------+--------+-------------------+
[[0;32m  OK  [0m] Started Initial cloud-init job (metadata service crawler).
[[0;32m  OK  [0m] Reached target System Initialization.
[[0;32m  OK  [0m] Listening on UUID daemon activation socket.
[   20.743348]          Starting Socket activation for snappy daemon.
cloud-init[718]: ci-info: +++++++++++++++++++++++++++++Route IPv4 info+++++++++++++++++++++++++++++
[   20.929363] [[0;32m  OK  [0m] Started Daily apt download activities.
[[0;32m  OK  [0m] Started Message of the Day.
cloud-init[718]: ci-info: +-------+--------------+----------+-----------------+-----------+-------+
[[0;32m  OK  [0m] Started ACPI Events Check.
[[0;32m  OK  [0m] Started Discard unused blocks once a week.
[   21.049206] cloud-init[718]: ci-info: | Route | Destination  | Gateway  |     Genmask     | Interface | Flags |
[[0;32m  OK  [0m] Started Daily Cleanup of Temporary Directories.
[   21.178454] [[0;32m  OK  [0m] Listening on Open-iSCSI iscsid Socket.
[[0;32m  OK  [0m] Listening on D-Bus System Message Bus Socket.
[[0;32m  OK  [0m] Started Daily apt upgrade and clean activities.
[[0;32m  OK  [0m] Reached target Timers.
[[0;32m  OK  [0m] Listening on ACPID Listen Socket.
[[0;32m  OK  [0m] Reached target Paths.
         Starting LXD - unix socket.
[[0;32m  OK  [0m] Reached target Network is Online.
cloud-init[718]: ci-info: +-------+--------------+----------+-----------------+-----------+-------+
[   21.248187]          Starting Availability of block devices...
[[0;32m  OK  [0m] Reached target Remote File Systems (Pre).
[[0;32m  OK  [0m] Reached target Remote File Systems.
[[0;32m  OK  [0m] Reached target Cloud-config availability.
[[0;32m  OK  [0m] Listening on Socket activation for snappy daemon.
[[0;32m  OK  [0m] Listening on LXD - unix socket.
[[0;32m  OK  [0m] Started Availability of block devices.
[[0;32m  OK  [0m] Reached target Sockets.
[[0;32m  OK  [0m] Reached target Basic System.
[[0;32m  OK  [0m] Started D-Bus System Message Bus.
cloud-init[718]: ci-info: |   0   |   0.0.0.0    | 10.0.2.2 |     0.0.0.0     |   enp0s3  |   UG  |
         Starting Login Service...
[   21.306447] cloud-init[718]: ci-info: |   1   |   10.0.2.0   | 0.0.0.0  |  255.255.255.0  |   enp0s3  |   U   |
[   21.312827] cloud-init         Starting OpenBSD Secure Shell server...
[718]:          Starting Permit User Sessions...
         Starting LSB: Record successful boot for GRUB...
         Starting LXD - container startup/shutdown...
ci-info: |   2   |   10.0.2.2   | 0.0.0.0  | 255.255.255.255 |   enp0s3  |   UH  |
[   21.323453] cloud-init[718]: ci-info: |   3   | 192.168.33.0 | 0.0.0.0  |  255.255.255.0  |   enp0s8  |   U   |
[   21.332552] cloud-init[718]: ci-info: +-------+--------------+----------+-----------------+-----------+-------+
[   21.360020] cloud-init[718]: ci-info: +++++++++++++++++++Route IPv6 info+++++++++++++++++++
[[0;32m  OK  [0m] Started Regular background program processing daemon.
[   21.366269] cloud-init[718]: ci-info: +-------+-------------+---------+-----------+-------+         Starting vboxadd.service...

[   21.371400] cloud-init[718]: ci-info: | Route | Destination | Gateway | Interface | Flags |
[   21.384153] cloud-init[718]: ci-info: +-------+-------------+---------+-----------+-------+
[   21.398209] cloud-init[718]: ci-info: |   1   |  fe80::/64  |    ::   |   enp0s8  |   U   |
[   21.400552] cloud-init[718]: ci-info: |   2   |  fe80::/64  |    ::   |   enp0s3  |   U   |
[   21.405919] cloud-init[718]: ci-info: |   4   |    local    |    ::   |   enp0s3  |   U   |
[   21.407563] cloud-init[718]: ci-info: |   5   |    local    |    ::   |   enp0s8  |   U   |
         Starting Dispatcher daemon for systemd-networkd...
         Starting System Logging Service...
         Starting LSB: automatic crash report generation...
         Starting Accounts Service...
[   21.426556] cloud-init[718]: ci-info: |   6   |   ff00::/8  |    ::   |   enp0s8  |   U   |
[   21.447773] cloud-init[718]: ci-info: |   7   |   ff00::/8  |    ::   |   enp0s3  |   U   |
[   21.451121] cloud-init[718]: ci-info: +-------+-------------+---------+-----------+-------+
[[0;32m  OK  [0m] Started irqbalance daemon.
[[0;32m  OK  [0m] Started FUSE filesystem for LXC.
[[0;32m  OK  [0m] Started Deferred execution scheduler.
         Starting Snappy daemon...
[[0;32m  OK  [0m] Started System Logging Service.
[[0;32m  OK  [0m] Started Permit User Sessions.
[[0;32m  OK  [0m] Started OpenBSD Secure Shell server.
[[0;32m  OK  [0m] Started Login Service.
         Starting Authorization Manager...
[[0;32m  OK  [0m] Started Unattended Upgrades Shutdown.
         Starting Terminate Plymouth Boot Screen...
         Starting Hold until boot process finishes up...
[[0;32m  OK  [0m] Started Terminate Plymouth Boot Screen.
[[0;32m  OK  [0m] Started Hold until boot process finishes up.
[[0;32m  OK  [0m] Started LXD - container startup/shutdown.
         Starting Set console scheme...
[[0;32m  OK  [0m] Started Serial Getty on ttyS0.
[[0;32m  OK  [0m] Started LSB: automatic crash report generation.
[[0;32m  OK  [0m] Started Set console scheme.
[[0;32m  OK  [0m] Created slice system-getty.slice.
[[0;32m  OK  [0m] Started Getty on tty1.
[[0;32m  OK  [0m] Reached target Login Prompts.
[[0;32m  OK  [0m] Started Authorization Manager.
[[0;32m  OK  [0m] Started Accounts Service.
[[0;32m  OK  [0m] Started LSB: Record successful boot for GRUB.
[[0;32m  OK  [0m] Started Dispatcher daemon for systemd-networkd.
[[0;32m  OK  [0m] Started vboxadd.service.
         Starting vboxadd-service.service...
[[0;32m  OK  [0m] Started Snappy daemon.
         Starting Wait until snapd is fully seeded...
[[0;32m  OK  [0m] Started vboxadd-service.service.
[[0;32m  OK  [0m] Started Wait until snapd is fully seeded.
         Starting Apply the settings specified in cloud-config...
[[0;32m  OK  [0m] Reached target Multi-User System.
[[0;32m  OK  [0m] Reached target Graphical Interface.
         Starting Update UTMP about System Runlevel Changes...
[[0;32m  OK  [0m] Started Update UTMP about System Runlevel Changes.
[   22.753175] cloud-init[1224]: Cloud-init v. 19.3-41-gc4735dd3-0ubuntu1~18.04.1 running 'modules:config' at Sun, 12 Apr 2020 08:06:28 +0000. Up 22.65 seconds.
[[0;32m  OK  [0m] Started Apply the settings specified in cloud-config.
         Starting Execute cloud user/final scripts...
[   23.240257] cloud-init[1272]: Cloud-init v. 19.3-41-gc4735dd3-0ubuntu1~18.04.1 running 'modules:final' at Sun, 12 Apr 2020 08:06:28 +0000. Up 23.13 seconds.
[[0;32m  OK  [0m] Started Execute cloud user/final scripts.
[   23.361095] [[0;32m  OK  [0m] Reached targcloud-init[1272]: Cloud-init v. 19.3-41-gc4735dd3-0ubuntu1~18.04.1 finished at Sun, 12 Apr 2020 08:06:28 +0000. Datasource DataSourceNoCloud [seed=/dev/sdb][dsmode=net].  Up 23.23 seconds

Ubuntu 18.04.3 LTS ubuntu-bionic ttyS0

ubuntu-bionic login: 